package com.sys1yagi.android.alarmmanagersimplify;

import android.app.IntentService;
import android.content.Intent;
import android.support.v4.content.WakefulBroadcastReceiver;
import com.sys1yagi.android.alarmmanagersimplify.sample.alarm.SimpleActionAlarmProcessor;
import java.lang.Override;
import java.lang.String;
import java.util.ArrayList;
import java.util.HashMap;
import java.util.List;
import java.util.Map;

public final class SimplifiedAlarmService extends IntentService {

    private static List<AlarmProcessor> processors;

    private static Map<AlarmProcessor, String> processingMap;

    public SimplifiedAlarmService() {
        super("SimplifiedAlarmService");
    }

    void initializeIfNeeded() {
        if (processors != null) {
            return;
        }
        processors = new ArrayList<AlarmProcessor>();
        processingMap = new HashMap<AlarmProcessor, String>();

        AlarmProcessor processor;
        processor = new SimpleActionAlarmProcessor();
        processors.add(processor);
        processingMap.put(processor, "SimpleAction");
    }

    boolean shouldProcessEvent(AlarmProcessor processor, String event) {
        return processingMap.get(processor).equals(event);
    }

    @Override
    public void onCreate() {
        super.onCreate();
        initializeIfNeeded();
    }

    @Override
    protected void onHandleIntent(Intent intent) {
        String event = intent.getStringExtra("event");
        for (AlarmProcessor processor : processors) {
            if (shouldProcessEvent(processor, event)) {
                processor.process(getApplicationContext(), intent);
            }
        }
        WakefulBroadcastReceiver.completeWakefulIntent(intent);
    }
}
