package com.sys1yagi.android.alarmmanagersimplify;

import android.app.Activity;
import android.content.ComponentName;
import android.content.Context;
import android.content.Intent;
import android.support.v4.content.WakefulBroadcastReceiver;
import java.lang.Override;

public final class SimplifiedAlarmReceiver extends WakefulBroadcastReceiver {

    @Override
    public void onReceive(Context context, Intent intent) {
        ComponentName component = new ComponentName(context.getPackageName(),
                "com.sys1yagi.android.alarmmanagersimplify.SimplifiedAlarmService");
        intent.setComponent(component);
        startWakefulService(context, intent);
        setResultCode(Activity.RESULT_OK);
    }
}
